// Jest Snapshot v1, https://goo.gl/fbAQLP

exports[`Home page matches snapshot 1`] = `
<DocumentFragment>
  <div
    class="makeStyles-root-1"
  >
    <ul
      class="MuiList-root MuiList-padding"
    />
  </div>
</DocumentFragment>
`;
